// Jest Snapshot v1, https://goo.gl/fbAQLP

exports[`CompanyPage renders correctly 1`] = `
<body>
  <div />
</body>
`;
