// Jest Snapshot v1, https://goo.gl/fbAQLP

exports[`CompanyReviewList renders correctly 1`] = `
<body>
  <div>
    <div
      class="sc-bwzfXH icOaIC"
    />
  </div>
</body>
`;
