// Jest Snapshot v1, https://goo.gl/fbAQLP

exports[`DetailedSalarySearchCard renders correctly 1`] = `
<body>
  <div>
    <div
      class="sc-bdVaJa jwtmXs"
    >
      <button
        class="ant-btn"
        style="margin-bottom: 30px; border: 1px solid #bb1333; color: rgb(187, 19, 51);"
        type="button"
      >
        <i
          aria-label="icon: left"
          class="anticon anticon-left"
        >
          <svg
            aria-hidden="true"
            class=""
            data-icon="left"
            fill="currentColor"
            focusable="false"
            height="1em"
            viewBox="64 64 896 896"
            width="1em"
          >
            <path
              d="M724 218.3V141c0-6.7-7.7-10.4-12.9-6.3L260.3 486.8a31.86 31.86 0 0 0 0 50.3l450.8 352.1c5.3 4.1 12.9.4 12.9-6.3v-77.3c0-4.9-2.3-9.6-6.1-12.6l-360-281 360-281.1c3.8-3 6.1-7.7 6.1-12.6z"
            />
          </svg>
        </i>
        <span>
          Back to Results
        </span>
      </button>
      <div
        class="title-div"
      >
        <h1>
          test
        </h1>
      </div>
      <div
        class="salary-div"
      >
        <p>
          $NaN
          /yr
        </p>
      </div>
      <div
        class="interest"
      >
        <h3>
          Job Category
        </h3>
        <p />
      </div>
      <div
        class="description"
      >
        <h3>
          Job Description
        </h3>
        <p />
      </div>
      <div
        class="bottom"
      >
        <div
          class="contact"
        />
        <div
          class="username"
        />
      </div>
    </div>
  </div>
</body>
`;
