// Jest Snapshot v1, https://goo.gl/fbAQLP

exports[`Search renders correctly 1`] = `
<body>
  <div>
    <div
      class="sc-bdVaJa fXjWTE"
    >
      <form
        class="ant-form ant-form-horizontal"
      >
        <div
          class="search-category"
        >
          <div
            class="ant-select ant-select-enabled"
          >
            <div
              aria-autocomplete="list"
              aria-controls="test-uuid"
              aria-expanded="false"
              aria-haspopup="true"
              class="ant-select-selection
            ant-select-selection--single"
              role="combobox"
              tabindex="0"
            >
              <div
                class="ant-select-selection__rendered"
              >
                <div
                  class="ant-select-selection-selected-value"
                  style="display: block; opacity: 1;"
                  title="Companies"
                >
                  Companies
                </div>
              </div>
              <span
                class="ant-select-arrow"
                style="user-select: none;"
                unselectable="on"
              >
                <i
                  aria-label="icon: down"
                  class="anticon anticon-down ant-select-arrow-icon"
                >
                  <svg
                    aria-hidden="true"
                    class=""
                    data-icon="down"
                    fill="currentColor"
                    focusable="false"
                    height="1em"
                    viewBox="64 64 896 896"
                    width="1em"
                  >
                    <path
                      d="M884 256h-75c-5.1 0-9.9 2.5-12.9 6.6L512 654.2 227.9 262.6c-3-4.1-7.8-6.6-12.9-6.6h-75c-6.5 0-10.3 7.4-6.5 12.7l352.6 486.1c12.8 17.6 39 17.6 51.7 0l352.6-486.1c3.9-5.3.1-12.7-6.4-12.7z"
                    />
                  </svg>
                </i>
              </span>
            </div>
          </div>
        </div>
        <div
          class="search-field"
        >
          <input
            class="ant-input"
            name="search_query"
            placeholder="Company Name, Location"
            type="text"
            value=""
          />
        </div>
        <button
          class="ant-btn"
          type="button"
        >
          <span>
            Search
          </span>
        </button>
        <div
          class="sc-bwzfXH fbZpGr"
        >
          <i
            aria-label="icon: close"
            class="anticon anticon-close"
          >
            <svg
              aria-hidden="true"
              class=""
              data-icon="close"
              fill="currentColor"
              focusable="false"
              height="1em"
              viewBox="64 64 896 896"
              width="1em"
            >
              <path
                d="M563.8 512l262.5-312.9c4.4-5.2.7-13.1-6.1-13.1h-79.8c-4.7 0-9.2 2.1-12.3 5.7L511.6 449.8 295.1 191.7c-3-3.6-7.5-5.7-12.3-5.7H203c-6.8 0-10.5 7.9-6.1 13.1L459.4 512 196.9 824.9A7.95 7.95 0 0 0 203 838h79.8c4.7 0 9.2-2.1 12.3-5.7l216.5-258.1 216.5 258.1c3 3.6 7.5 5.7 12.3 5.7h79.8c6.8 0 10.5-7.9 6.1-13.1L563.8 512z"
              />
            </svg>
          </i>
        </div>
      </form>
    </div>
  </div>
</body>
`;
