// Jest Snapshot v1, https://goo.gl/fbAQLP

exports[`Avatar.jsx renders correctly 1`] = `
<body>
  <div>
    <div
      class="sc-bdVaJa kMQfFc"
    >
      <div
        class="user-avatar"
      >
        <img
          alt="avatar"
          style="width: 100%;"
        />
      </div>
      <span
        class="avatar-uploader ant-upload-picture-card-wrapper"
      >
        <div
          class="ant-upload ant-upload-select ant-upload-select-picture-card"
        >
          <span
            class="ant-upload"
            role="button"
            tabindex="0"
          >
            <input
              accept=""
              style="display: none;"
              type="file"
            />
            <button
              class="ant-btn ant-btn-primary ant-btn-icon-only"
              type="button"
            >
              <i
                aria-label="icon: upload"
                class="anticon anticon-upload"
              >
                <svg
                  aria-hidden="true"
                  class=""
                  data-icon="upload"
                  fill="currentColor"
                  focusable="false"
                  height="1em"
                  viewBox="64 64 896 896"
                  width="1em"
                >
                  <path
                    d="M400 317.7h73.9V656c0 4.4 3.6 8 8 8h60c4.4 0 8-3.6 8-8V317.7H624c6.7 0 10.4-7.7 6.3-12.9L518.3 163a8 8 0 0 0-12.6 0l-112 141.7c-4.1 5.3-.4 13 6.3 13zM878 626h-60c-4.4 0-8 3.6-8 8v154H214V634c0-4.4-3.6-8-8-8h-60c-4.4 0-8 3.6-8 8v198c0 17.7 14.3 32 32 32h684c17.7 0 32-14.3 32-32V634c0-4.4-3.6-8-8-8z"
                  />
                </svg>
              </i>
            </button>
          </span>
        </div>
      </span>
    </div>
  </div>
</body>
`;
