// Jest Snapshot v1, https://goo.gl/fbAQLP

exports[`Chat Interface should render the Chat Interface without crashing 1`] = `
<body>
  <div>
    <div
      class="sc-bdVaJa kdOWNY"
      id="chat_con"
    >
      <div
        class="sc-bwzfXH Koijq"
        id="chat_header"
      >
        <div
          class="top-chat"
        >
          <span
            class="ant-avatar ant-avatar-circle"
            style="color: rgb(245, 106, 0); background-color: rgb(253, 227, 207);"
          >
            <span
              class="ant-avatar-string"
              style="transform: scale(1) translateX(-50%);"
            >
              U
            </span>
          </span>
          <h4 />
        </div>
        <div
          class="chat_header_icon"
        >
          <span
            aria-label="shrink"
            class="anticon anticon-shrink"
            role="img"
            style="font-size: 22px; color: rgb(255, 255, 255);"
            tabindex="-1"
          >
            <svg
              aria-hidden="true"
              class=""
              data-icon="shrink"
              fill="currentColor"
              focusable="false"
              height="1em"
              viewBox="64 64 896 896"
              width="1em"
            >
              <path
                d="M881.7 187.4l-45.1-45.1a8.03 8.03 0 00-11.3 0L667.8 299.9l-54.7-54.7a7.94 7.94 0 00-13.5 4.7L576.1 439c-.6 5.2 3.7 9.5 8.9 8.9l189.2-23.5c6.6-.8 9.3-8.8 4.7-13.5l-54.7-54.7 157.6-157.6c3-3 3-8.1-.1-11.2zM439 576.1l-189.2 23.5c-6.6.8-9.3 8.9-4.7 13.5l54.7 54.7-157.5 157.5a8.03 8.03 0 000 11.3l45.1 45.1c3.1 3.1 8.2 3.1 11.3 0l157.6-157.6 54.7 54.7a7.94 7.94 0 0013.5-4.7L447.9 585a7.9 7.9 0 00-8.9-8.9z"
              />
            </svg>
          </span>
          <i
            aria-label="icon: close"
            class="anticon anticon-close"
            style="font-size: 22px; color: rgb(255, 255, 255); cursor: pointer; margin-left: 10px;"
            tabindex="-1"
          >
            <svg
              aria-hidden="true"
              class=""
              data-icon="close"
              fill="currentColor"
              focusable="false"
              height="1em"
              viewBox="64 64 896 896"
              width="1em"
            >
              <path
                d="M563.8 512l262.5-312.9c4.4-5.2.7-13.1-6.1-13.1h-79.8c-4.7 0-9.2 2.1-12.3 5.7L511.6 449.8 295.1 191.7c-3-3.6-7.5-5.7-12.3-5.7H203c-6.8 0-10.5 7.9-6.1 13.1L459.4 512 196.9 824.9A7.95 7.95 0 0 0 203 838h79.8c4.7 0 9.2-2.1 12.3-5.7l216.5-258.1 216.5 258.1c3 3.6 7.5 5.7 12.3 5.7h79.8c6.8 0 10.5-7.9 6.1-13.1L563.8 512z"
              />
            </svg>
          </i>
        </div>
      </div>
      <div
        class="sc-htpNat gvFqbI"
        id="chat_body"
      >
        <div
          class="chat_message null"
        >
          <p />
          <div />
        </div>
        <div
          class="chat_message null"
        >
          <p />
          <div />
        </div>
      </div>
      <div
        class="sc-bxivhb hNeMQD"
        id="chat_footer"
      >
        <form
          class="ant-form ant-form-horizontal"
        >
          <div
            class="ant-row ant-form-item"
          >
            <div
              class="ant-col ant-form-item-control-wrapper"
            >
              <div
                class="ant-form-item-control"
              >
                <span
                  class="ant-form-item-children"
                >
                  <span
                    class="ant-input-affix-wrapper"
                  >
                    <input
                      autocomplete="off"
                      class="ant-input"
                      data-__field="[object Object]"
                      data-__meta="[object Object]"
                      id="text_message"
                      name="message"
                      placeholder="Type a message..."
                      type="text"
                      value=""
                    />
                    <span
                      class="ant-input-suffix"
                    >
                      <span
                        aria-label="send"
                        class="anticon anticon-send"
                        role="img"
                        tabindex="-1"
                      >
                        <svg
                          aria-hidden="true"
                          class=""
                          data-icon="send"
                          fill="currentColor"
                          focusable="false"
                          height="1em"
                          viewBox="64 64 896 896"
                          width="1em"
                        >
                          <defs>
                            <style />
                          </defs>
                          <path
                            d="M931.4 498.9L94.9 79.5c-3.4-1.7-7.3-2.1-11-1.2a15.99 15.99 0 00-11.7 19.3l86.2 352.2c1.3 5.3 5.2 9.6 10.4 11.3l147.7 50.7-147.6 50.7c-5.2 1.8-9.1 6-10.3 11.3L72.2 926.5c-.9 3.7-.5 7.6 1.2 10.9 3.9 7.9 13.5 11.1 21.5 7.2l836.5-417c3.1-1.5 5.6-4.1 7.2-7.1 3.9-8 .7-17.6-7.2-21.6zM170.8 826.3l50.3-205.6 295.2-101.3c2.3-.8 4.2-2.6 5-5 1.4-4.2-.8-8.7-5-10.2L221.1 403 171 198.2l628 314.9-628.2 313.2z"
                          />
                        </svg>
                      </span>
                    </span>
                  </span>
                </span>
              </div>
            </div>
          </div>
        </form>
      </div>
    </div>
  </div>
</body>
`;
