// Jest Snapshot v1, https://goo.gl/fbAQLP

exports[`ChatButton renders correctly 1`] = `
<body>
  <div>
    <button
      class="ant-btn"
      type="button"
    >
      <span>
        Chat with me
      </span>
    </button>
  </div>
</body>
`;
